Archive member included to satisfy reference by file (symbol)

c:/st/stm32cubeide_1.4.0/stm32cubeide/plugins/com.st.stm32cube.ide.mcu.externaltools.gnu-tools-for-stm32.7-2018-q2-update.win32_1.4.0.202007081208/tools/bin/../lib/gcc/arm-none-eabi/7.3.1/../../../../arm-none-eabi/lib/thumb/v7-m\libc_nano.a(lib_a-errno.o)
                              Src/syscalls.o (__errno)
c:/st/stm32cubeide_1.4.0/stm32cubeide/plugins/com.st.stm32cube.ide.mcu.externaltools.gnu-tools-for-stm32.7-2018-q2-update.win32_1.4.0.202007081208/tools/bin/../lib/gcc/arm-none-eabi/7.3.1/../../../../arm-none-eabi/lib/thumb/v7-m\libc_nano.a(lib_a-exit.o)
                              c:/st/stm32cubeide_1.4.0/stm32cubeide/plugins/com.st.stm32cube.ide.mcu.externaltools.gnu-tools-for-stm32.7-2018-q2-update.win32_1.4.0.202007081208/tools/bin/../lib/gcc/arm-none-eabi/7.3.1/../../../../arm-none-eabi/lib/thumb/v7-m/crt0.o (exit)
c:/st/stm32cubeide_1.4.0/stm32cubeide/plugins/com.st.stm32cube.ide.mcu.externaltools.gnu-tools-for-stm32.7-2018-q2-update.win32_1.4.0.202007081208/tools/bin/../lib/gcc/arm-none-eabi/7.3.1/../../../../arm-none-eabi/lib/thumb/v7-m\libc_nano.a(lib_a-impure.o)
                              c:/st/stm32cubeide_1.4.0/stm32cubeide/plugins/com.st.stm32cube.ide.mcu.externaltools.gnu-tools-for-stm32.7-2018-q2-update.win32_1.4.0.202007081208/tools/bin/../lib/gcc/arm-none-eabi/7.3.1/../../../../arm-none-eabi/lib/thumb/v7-m\libc_nano.a(lib_a-exit.o) (_global_impure_ptr)
c:/st/stm32cubeide_1.4.0/stm32cubeide/plugins/com.st.stm32cube.ide.mcu.externaltools.gnu-tools-for-stm32.7-2018-q2-update.win32_1.4.0.202007081208/tools/bin/../lib/gcc/arm-none-eabi/7.3.1/../../../../arm-none-eabi/lib/thumb/v7-m\libc_nano.a(lib_a-init.o)
                              c:/st/stm32cubeide_1.4.0/stm32cubeide/plugins/com.st.stm32cube.ide.mcu.externaltools.gnu-tools-for-stm32.7-2018-q2-update.win32_1.4.0.202007081208/tools/bin/../lib/gcc/arm-none-eabi/7.3.1/../../../../arm-none-eabi/lib/thumb/v7-m/crt0.o (__libc_init_array)
c:/st/stm32cubeide_1.4.0/stm32cubeide/plugins/com.st.stm32cube.ide.mcu.externaltools.gnu-tools-for-stm32.7-2018-q2-update.win32_1.4.0.202007081208/tools/bin/../lib/gcc/arm-none-eabi/7.3.1/../../../../arm-none-eabi/lib/thumb/v7-m\libc_nano.a(lib_a-memset.o)
                              c:/st/stm32cubeide_1.4.0/stm32cubeide/plugins/com.st.stm32cube.ide.mcu.externaltools.gnu-tools-for-stm32.7-2018-q2-update.win32_1.4.0.202007081208/tools/bin/../lib/gcc/arm-none-eabi/7.3.1/../../../../arm-none-eabi/lib/thumb/v7-m/crt0.o (memset)

Allocating common symbols
Common symbol       size              file

GP_IRQ_CALLBACK     0x3c              Stm32_F103C6_Drivers/EXTI/Stm32_F103C6_EXTI_driver.o
PinCfg              0x4               Stm32_F103C6_Drivers/KEYPAD_DRIVER/keypad_driver.o

Discarded input sections

 .text          0x0000000000000000        0x0 c:/st/stm32cubeide_1.4.0/stm32cubeide/plugins/com.st.stm32cube.ide.mcu.externaltools.gnu-tools-for-stm32.7-2018-q2-update.win32_1.4.0.202007081208/tools/bin/../lib/gcc/arm-none-eabi/7.3.1/thumb/v7-m/crti.o
 .data          0x0000000000000000        0x0 c:/st/stm32cubeide_1.4.0/stm32cubeide/plugins/com.st.stm32cube.ide.mcu.externaltools.gnu-tools-for-stm32.7-2018-q2-update.win32_1.4.0.202007081208/tools/bin/../lib/gcc/arm-none-eabi/7.3.1/thumb/v7-m/crti.o
 .bss           0x0000000000000000        0x0 c:/st/stm32cubeide_1.4.0/stm32cubeide/plugins/com.st.stm32cube.ide.mcu.externaltools.gnu-tools-for-stm32.7-2018-q2-update.win32_1.4.0.202007081208/tools/bin/../lib/gcc/arm-none-eabi/7.3.1/thumb/v7-m/crti.o
 .data          0x0000000000000000        0x4 c:/st/stm32cubeide_1.4.0/stm32cubeide/plugins/com.st.stm32cube.ide.mcu.externaltools.gnu-tools-for-stm32.7-2018-q2-update.win32_1.4.0.202007081208/tools/bin/../lib/gcc/arm-none-eabi/7.3.1/thumb/v7-m/crtbegin.o
 .text          0x0000000000000000       0x74 c:/st/stm32cubeide_1.4.0/stm32cubeide/plugins/com.st.stm32cube.ide.mcu.externaltools.gnu-tools-for-stm32.7-2018-q2-update.win32_1.4.0.202007081208/tools/bin/../lib/gcc/arm-none-eabi/7.3.1/../../../../arm-none-eabi/lib/thumb/v7-m/crt0.o
 .data          0x0000000000000000        0x0 c:/st/stm32cubeide_1.4.0/stm32cubeide/plugins/com.st.stm32cube.ide.mcu.externaltools.gnu-tools-for-stm32.7-2018-q2-update.win32_1.4.0.202007081208/tools/bin/../lib/gcc/arm-none-eabi/7.3.1/../../../../arm-none-eabi/lib/thumb/v7-m/crt0.o
 .bss           0x0000000000000000        0x0 c:/st/stm32cubeide_1.4.0/stm32cubeide/plugins/com.st.stm32cube.ide.mcu.externaltools.gnu-tools-for-stm32.7-2018-q2-update.win32_1.4.0.202007081208/tools/bin/../lib/gcc/arm-none-eabi/7.3.1/../../../../arm-none-eabi/lib/thumb/v7-m/crt0.o
 .ARM.extab     0x0000000000000000        0x0 c:/st/stm32cubeide_1.4.0/stm32cubeide/plugins/com.st.stm32cube.ide.mcu.externaltools.gnu-tools-for-stm32.7-2018-q2-update.win32_1.4.0.202007081208/tools/bin/../lib/gcc/arm-none-eabi/7.3.1/../../../../arm-none-eabi/lib/thumb/v7-m/crt0.o
[...]
Memory Configuration

Name             Origin             Length             Attributes
RAM              0x0000000020000000 0x0000000000002800 xrw
ROM              0x0000000008000000 0x0000000000008000 xr
*default*        0x0000000000000000 0xffffffffffffffff

Linker script and memory map

LOAD c:/st/stm32cubeide_1.4.0/stm32cubeide/plugins/com.st.stm32cube.ide.mcu.externaltools.gnu-tools-for-stm32.7-2018-q2-update.win32_1.4.0.202007081208/tools/bin/../lib/gcc/arm-none-eabi/7.3.1/thumb/v7-m/crti.o
LOAD c:/st/stm32cubeide_1.4.0/stm32cubeide/plugins/com.st.stm32cube.ide.mcu.externaltools.gnu-tools-for-stm32.7-2018-q2-update.win32_1.4.0.202007081208/tools/bin/../lib/gcc/arm-none-eabi/7.3.1/thumb/v7-m/crtbegin.o
LOAD c:/st/stm32cubeide_1.4.0/stm32cubeide/plugins/com.st.stm32cube.ide.mcu.externaltools.gnu-tools-for-stm32.7-2018-q2-update.win32_1.4.0.202007081208/tools/bin/../lib/gcc/arm-none-eabi/7.3.1/../../../../arm-none-eabi/lib/thumb/v7-m/crt0.o
LOAD HAL/I2C_Slave_EEPROM.o
LOAD Src/main.o
LOAD Src/syscalls.o
LOAD Src/sysmem.o
LOAD Startup/startup_stm32f103c6tx.o
LOAD Stm32_F103C6_Drivers/EXTI/Stm32_F103C6_EXTI_driver.o
LOAD Stm32_F103C6_Drivers/GPIO/Stm32_F103C6_gpio_driver.o
LOAD Stm32_F103C6_Drivers/I2C/Stm32_F103C6_I2C_driver.o
LOAD Stm32_F103C6_Drivers/KEYPAD_DRIVER/keypad_driver.o
LOAD Stm32_F103C6_Drivers/LCD_DRIVER/lcd_driver.o
LOAD Stm32_F103C6_Drivers/RCC/Stm32_F103C6_RCC_driver.o
LOAD Stm32_F103C6_Drivers/SPI/Stm32_F103C6_SPI_driver.o
LOAD Stm32_F103C6_Drivers/TIM/TIM.o
LOAD Stm32_F103C6_Drivers/USART/Stm32_F103C6_USART_driver.o
START GROUP
LOAD c:/st/stm32cubeide_1.4.0/stm32cubeide/plugins/com.st.stm32cube.ide.mcu.externaltools.gnu-tools-for-stm32.7-2018-q2-update.win32_1.4.0.202007081208/tools/bin/../lib/gcc/arm-none-eabi/7.3.1/../../../../arm-none-eabi/lib/thumb/v7-m\libc_nano.a
LOAD c:/st/stm32cubeide_1.4.0/stm32cubeide/plugins/com.st.stm32cube.ide.mcu.externaltools.gnu-tools-for-stm32.7-2018-q2-update.win32_1.4.0.202007081208/tools/bin/../lib/gcc/arm-none-eabi/7.3.1/../../../../arm-none-eabi/lib/thumb/v7-m\libm.a
END GROUP
START GROUP
LOAD c:/st/stm32cubeide_1.4.0/stm32cubeide/plugins/com.st.stm32cube.ide.mcu.externaltools.gnu-tools-for-stm32.7-2018-q2-update.win32_1.4.0.202007081208/tools/bin/../lib/gcc/arm-none-eabi/7.3.1/thumb/v7-m\libgcc.a
LOAD c:/st/stm32cubeide_1.4.0/stm32cubeide/plugins/com.st.stm32cube.ide.mcu.externaltools.gnu-tools-for-stm32.7-2018-q2-update.win32_1.4.0.202007081208/tools/bin/../lib/gcc/arm-none-eabi/7.3.1/../../../../arm-none-eabi/lib/thumb/v7-m\libg_nano.a
LOAD c:/st/stm32cubeide_1.4.0/stm32cubeide/plugins/com.st.stm32cube.ide.mcu.externaltools.gnu-tools-for-stm32.7-2018-q2-update.win32_1.4.0.202007081208/tools/bin/../lib/gcc/arm-none-eabi/7.3.1/../../../../arm-none-eabi/lib/thumb/v7-m\libc_nano.a
END GROUP
START GROUP
LOAD c:/st/stm32cubeide_1.4.0/stm32cubeide/plugins/com.st.stm32cube.ide.mcu.externaltools.gnu-tools-for-stm32.7-2018-q2-update.win32_1.4.0.202007081208/tools/bin/../lib/gcc/arm-none-eabi/7.3.1/thumb/v7-m\libgcc.a
LOAD c:/st/stm32cubeide_1.4.0/stm32cubeide/plugins/com.st.stm32cube.ide.mcu.externaltools.gnu-tools-for-stm32.7-2018-q2-update.win32_1.4.0.202007081208/tools/bin/../lib/gcc/arm-none-eabi/7.3.1/../../../../arm-none-eabi/lib/thumb/v7-m\libc_nano.a
LOAD c:/st/stm32cubeide_1.4.0/stm32cubeide/plugins/com.st.stm32cube.ide.mcu.externaltools.gnu-tools-for-stm32.7-2018-q2-update.win32_1.4.0.202007081208/tools/bin/../lib/gcc/arm-none-eabi/7.3.1/../../../../arm-none-eabi/lib/thumb/v7-m\libnosys.a
END GROUP
START GROUP
LOAD c:/st/stm32cubeide_1.4.0/stm32cubeide/plugins/com.st.stm32cube.ide.mcu.externaltools.gnu-tools-for-stm32.7-2018-q2-update.win32_1.4.0.202007081208/tools/bin/../lib/gcc/arm-none-eabi/7.3.1/thumb/v7-m\libgcc.a
LOAD c:/st/stm32cubeide_1.4.0/stm32cubeide/plugins/com.st.stm32cube.ide.mcu.externaltools.gnu-tools-for-stm32.7-2018-q2-update.win32_1.4.0.202007081208/tools/bin/../lib/gcc/arm-none-eabi/7.3.1/../../../../arm-none-eabi/lib/thumb/v7-m\libc_nano.a
LOAD c:/st/stm32cubeide_1.4.0/stm32cubeide/plugins/com.st.stm32cube.ide.mcu.externaltools.gnu-tools-for-stm32.7-2018-q2-update.win32_1.4.0.202007081208/tools/bin/../lib/gcc/arm-none-eabi/7.3.1/../../../../arm-none-eabi/lib/thumb/v7-m\libnosys.a
END GROUP
LOAD c:/st/stm32cubeide_1.4.0/stm32cubeide/plugins/com.st.stm32cube.ide.mcu.externaltools.gnu-tools-for-stm32.7-2018-q2-update.win32_1.4.0.202007081208/tools/bin/../lib/gcc/arm-none-eabi/7.3.1/thumb/v7-m/crtend.o
LOAD c:/st/stm32cubeide_1.4.0/stm32cubeide/plugins/com.st.stm32cube.ide.mcu.externaltools.gnu-tools-for-stm32.7-2018-q2-update.win32_1.4.0.202007081208/tools/bin/../lib/gcc/arm-none-eabi/7.3.1/thumb/v7-m/crtn.o
                0x0000000020002800                _estack = (ORIGIN (RAM) + LENGTH (RAM))
                0x0000000000000200                _Min_Heap_Size = 0x200
                0x0000000000000400                _Min_Stack_Size = 0x400

.isr_vector     0x0000000008000000      0x130
                0x0000000008000000                . = ALIGN (0x4)
 *(.isr_vector)
 .isr_vector    0x0000000008000000      0x130 Startup/startup_stm32f103c6tx.o
                0x0000000008000000                g_pfnVectors
                0x0000000008000130                . = ALIGN (0x4)

.text           0x0000000008000130      0x984
                0x0000000008000130                . = ALIGN (0x4)
 *(.text)
 .text          0x0000000008000130       0x40 c:/st/stm32cubeide_1.4.0/stm32cubeide/plugins/com.st.stm32cube.ide.mcu.externaltools.gnu-tools-for-stm32.7-2018-q2-update.win32_1.4.0.202007081208/tools/bin/../lib/gcc/arm-none-eabi/7.3.1/thumb/v7-m/crtbegin.o
 *(.text*)
 .text.clock_init
                0x0000000008000170       0x34 Src/main.o
                0x0000000008000170                clock_init
 .text.IRQ_EXTI9_callback
                0x00000000080001a4       0x18 Src/main.o
                0x00000000080001a4                IRQ_EXTI9_callback
 .text.main     0x00000000080001bc       0x60 Src/main.o
                0x00000000080001bc                main
 .text.Reset_Handler
                0x000000000800021c       0x50 Startup/startup_stm32f103c6tx.o
                0x000000000800021c                Reset_Handler
 .text.Default_Handler
                0x000000000800026c        0x2 Startup/startup_stm32f103c6tx.o
                0x000000000800026c                TIM8_TRG_COM_IRQHandler
                0x000000000800026c                TIM8_CC_IRQHandler
                0x000000000800026c                DebugMon_Handler
                0x000000000800026c                TIM1_CC_IRQHandler
                0x000000000800026c                HardFault_Handler
                0x000000000800026c                TIM6_IRQHandler
                0x000000000800026c                SysTick_Handler
                0x000000000800026c                PVD_IRQHandler
                0x000000000800026c                SDIO_IRQHandler
                0x000000000800026c                PendSV_Handler
                0x000000000800026c                NMI_Handler
                0x000000000800026c                USB_HP_CAN_TX_IRQHandler
                0x000000000800026c                I2C2_EV_IRQHandler
                0x000000000800026c                UsageFault_Handler
                0x000000000800026c                ADC1_2_IRQHandler
                0x000000000800026c                CAN_SCE_IRQHandler
                0x000000000800026c                TAMPER_IRQHandler
                0x000000000800026c                TIM8_UP_IRQHandler
                0x000000000800026c                DMA2_Channel2_IRQHandler
                0x000000000800026c                DMA1_Channel4_IRQHandler
                0x000000000800026c                RTC_IRQHandler
                0x000000000800026c                DMA1_Channel7_IRQHandler
                0x000000000800026c                UART5_IRQHandler
                0x000000000800026c                ADC3_IRQHandler
                0x000000000800026c                TIM4_IRQHandler
                0x000000000800026c                CAN_RX1_IRQHandler
                0x000000000800026c                DMA2_Channel1_IRQHandler
                0x000000000800026c                I2C1_EV_IRQHandler
                0x000000000800026c                DMA1_Channel6_IRQHandler
                0x000000000800026c                UART4_IRQHandler
                0x000000000800026c                TIM3_IRQHandler
                0x000000000800026c                RCC_IRQHandler
                0x000000000800026c                TIM1_TRG_COM_IRQHandler
                0x000000000800026c                DMA1_Channel1_IRQHandler
                0x000000000800026c                Default_Handler
                0x000000000800026c                TIM7_IRQHandler
                0x000000000800026c                TIM5_IRQHandler
                0x000000000800026c                USB_LP_CAN_RX0_IRQHandler
                0x000000000800026c                MemManage_Handler
                0x000000000800026c                SVC_Handler
                0x000000000800026c                DMA1_Channel5_IRQHandler
                0x000000000800026c                DMA1_Channel3_IRQHandler
                0x000000000800026c                FSMC_IRQHandler
                0x000000000800026c                TIM1_UP_IRQHandler
                0x000000000800026c                WWDG_IRQHandler
                0x000000000800026c                TIM2_IRQHandler
                0x000000000800026c                TIM1_BRK_IRQHandler
                0x000000000800026c                RTCAlarm_IRQHandler
                0x000000000800026c                DMA2_Channel4_5_IRQHandler
                0x000000000800026c                I2C2_ER_IRQHandler
                0x000000000800026c                DMA1_Channel2_IRQHandler
                0x000000000800026c                TIM8_BRK_IRQHandler
                0x000000000800026c                FLASH_IRQHandler
                0x000000000800026c                BusFault_Handler
                0x000000000800026c                SPI3_IRQHandler
                0x000000000800026c                I2C1_ER_IRQHandler
                0x000000000800026c                DMA2_Channel3_IRQHandler
 *fill*         0x000000000800026e        0x2 
 .text.Enable_NVIC
                0x0000000008000270       0xcc Stm32_F103C6_Drivers/EXTI/Stm32_F103C6_EXTI_driver.o
                0x0000000008000270                Enable_NVIC
 .text.Disable_NVIC
                0x000000000800033c       0xd0 Stm32_F103C6_Drivers/EXTI/Stm32_F103C6_EXTI_driver.o
                0x000000000800033c                Disable_NVIC
 .text.Update_EXTI
                0x000000000800040c      0x1d8 Stm32_F103C6_Drivers/EXTI/Stm32_F103C6_EXTI_driver.o
                0x000000000800040c                Update_EXTI
 .text.MCAL_EXTI_GPIO_Init
                0x00000000080005e4       0x16 Stm32_F103C6_Drivers/EXTI/Stm32_F103C6_EXTI_driver.o
                0x00000000080005e4                MCAL_EXTI_GPIO_Init
 *fill*         0x00000000080005fa        0x2 
 .text.EXTI0_IRQHandler
                0x00000000080005fc       0x24 Stm32_F103C6_Drivers/EXTI/Stm32_F103C6_EXTI_driver.o
                0x00000000080005fc                EXTI0_IRQHandler
 .text.EXTI1_IRQHandler
                0x0000000008000620       0x24 Stm32_F103C6_Drivers/EXTI/Stm32_F103C6_EXTI_driver.o
                0x0000000008000620                EXTI1_IRQHandler
 .text.EXTI2_IRQHandler
                0x0000000008000644       0x24 Stm32_F103C6_Drivers/EXTI/Stm32_F103C6_EXTI_driver.o
                0x0000000008000644                EXTI2_IRQHandler
 .text.EXTI3_IRQHandler
                0x0000000008000668       0x24 Stm32_F103C6_Drivers/EXTI/Stm32_F103C6_EXTI_driver.o
                0x0000000008000668                EXTI3_IRQHandler
 .text.EXTI4_IRQHandler
                0x000000000800068c       0x24 Stm32_F103C6_Drivers/EXTI/Stm32_F103C6_EXTI_driver.o
                0x000000000800068c                EXTI4_IRQHandler
 .text.EXTI9_5_IRQHandler
                0x00000000080006b0       0xa8 Stm32_F103C6_Drivers/EXTI/Stm32_F103C6_EXTI_driver.o
                0x00000000080006b0                EXTI9_5_IRQHandler
 .text.EXTI15_10_IRQHandler
                0x0000000008000758       0xc4 Stm32_F103C6_Drivers/EXTI/Stm32_F103C6_EXTI_driver.o
                0x0000000008000758                EXTI15_10_IRQHandler
 .text.Get_CRLH_Position
                0x000000000800081c       0xc6 Stm32_F103C6_Drivers/GPIO/Stm32_F103C6_gpio_driver.o
                0x000000000800081c                Get_CRLH_Position
 .text.MCAL_GPIO_Init
                0x00000000080008e2       0xfe Stm32_F103C6_Drivers/GPIO/Stm32_F103C6_gpio_driver.o
                0x00000000080008e2                MCAL_GPIO_Init
 .text.SPI1_IRQHandler
                0x00000000080009e0       0x1c Stm32_F103C6_Drivers/SPI/Stm32_F103C6_SPI_driver.o
                0x00000000080009e0                SPI1_IRQHandler
 .text.SPI2_IRQHandler
                0x00000000080009fc       0x1c Stm32_F103C6_Drivers/SPI/Stm32_F103C6_SPI_driver.o
                0x00000000080009fc                SPI2_IRQHandler
 .text.USART1_IRQHandler
                0x0000000008000a18       0x14 Stm32_F103C6_Drivers/USART/Stm32_F103C6_USART_driver.o
                0x0000000008000a18                USART1_IRQHandler
 .text.USART2_IRQHandler
                0x0000000008000a2c       0x14 Stm32_F103C6_Drivers/USART/Stm32_F103C6_USART_driver.o
                0x0000000008000a2c                USART2_IRQHandler
 .text.USART3_IRQHandler
                0x0000000008000a40       0x14 Stm32_F103C6_Drivers/USART/Stm32_F103C6_USART_driver.o
                0x0000000008000a40                USART3_IRQHandler
 .text.__libc_init_array
                0x0000000008000a54       0x48 c:/st/stm32cubeide_1.4.0/stm32cubeide/plugins/com.st.stm32cube.ide.mcu.externaltools.gnu-tools-for-stm32.7-2018-q2-update.win32_1.4.0.202007081208/tools/bin/../lib/gcc/arm-none-eabi/7.3.1/../../../../arm-none-eabi/lib/thumb/v7-m\libc_nano.a(lib_a-init.o)
                0x0000000008000a54                __libc_init_array
 *(.glue_7)
 .glue_7        0x0000000008000a9c        0x0 linker stubs
 *(.glue_7t)
 .glue_7t       0x0000000008000a9c        0x0 linker stubs
 *(.eh_frame)
 .eh_frame      0x0000000008000a9c        0x0 c:/st/stm32cubeide_1.4.0/stm32cubeide/plugins/com.st.stm32cube.ide.mcu.externaltools.gnu-tools-for-stm32.7-2018-q2-update.win32_1.4.0.202007081208/tools/bin/../lib/gcc/arm-none-eabi/7.3.1/thumb/v7-m/crtbegin.o
 *(.init)
 .init          0x0000000008000a9c        0x4 c:/st/stm32cubeide_1.4.0/stm32cubeide/plugins/com.st.stm32cube.ide.mcu.externaltools.gnu-tools-for-stm32.7-2018-q2-update.win32_1.4.0.202007081208/tools/bin/../lib/gcc/arm-none-eabi/7.3.1/thumb/v7-m/crti.o
                0x0000000008000a9c                _init
 .init          0x0000000008000aa0        0x8 c:/st/stm32cubeide_1.4.0/stm32cubeide/plugins/com.st.stm32cube.ide.mcu.externaltools.gnu-tools-for-stm32.7-2018-q2-update.win32_1.4.0.202007081208/tools/bin/../lib/gcc/arm-none-eabi/7.3.1/thumb/v7-m/crtn.o
 *(.fini)
 .fini          0x0000000008000aa8        0x4 c:/st/stm32cubeide_1.4.0/stm32cubeide/plugins/com.st.stm32cube.ide.mcu.externaltools.gnu-tools-for-stm32.7-2018-q2-update.win32_1.4.0.202007081208/tools/bin/../lib/gcc/arm-none-eabi/7.3.1/thumb/v7-m/crti.o
                0x0000000008000aa8                _fini
 .fini          0x0000000008000aac        0x8 c:/st/stm32cubeide_1.4.0/stm32cubeide/plugins/com.st.stm32cube.ide.mcu.externaltools.gnu-tools-for-stm32.7-2018-q2-update.win32_1.4.0.202007081208/tools/bin/../lib/gcc/arm-none-eabi/7.3.1/thumb/v7-m/crtn.o
                0x0000000008000ab4                . = ALIGN (0x4)
                0x0000000008000ab4                _etext = .

.vfp11_veneer   0x0000000008000ab4        0x0
 .vfp11_veneer  0x0000000008000ab4        0x0 linker stubs

.v4_bx          0x0000000008000ab4        0x0
 .v4_bx         0x0000000008000ab4        0x0 linker stubs

.iplt           0x0000000008000ab4        0x0
 .iplt          0x0000000008000ab4        0x0 c:/st/stm32cubeide_1.4.0/stm32cubeide/plugins/com.st.stm32cube.ide.mcu.externaltools.gnu-tools-for-stm32.7-2018-q2-update.win32_1.4.0.202007081208/tools/bin/../lib/gcc/arm-none-eabi/7.3.1/thumb/v7-m/crtbegin.o

.rodata         0x0000000008000ab4        0xc
                0x0000000008000ab4                . = ALIGN (0x4)
 *(.rodata)
 .rodata        0x0000000008000ab4        0xc Src/main.o
 *(.rodata*)
                0x0000000008000ac0                . = ALIGN (0x4)

.rel.dyn        0x0000000008000ac0        0x0
 .rel.iplt      0x0000000008000ac0        0x0 c:/st/stm32cubeide_1.4.0/stm32cubeide/plugins/com.st.stm32cube.ide.mcu.externaltools.gnu-tools-for-stm32.7-2018-q2-update.win32_1.4.0.202007081208/tools/bin/../lib/gcc/arm-none-eabi/7.3.1/thumb/v7-m/crtbegin.o

.ARM.extab      0x0000000008000ac0        0x0
                0x0000000008000ac0                . = ALIGN (0x4)
 *(.ARM.extab* .gnu.linkonce.armextab.*)
                0x0000000008000ac0                . = ALIGN (0x4)

.ARM            0x0000000008000ac0        0x0
                0x0000000008000ac0                . = ALIGN (0x4)
                0x0000000008000ac0                __exidx_start = .
 *(.ARM.exidx*)
                0x0000000008000ac0                __exidx_end = .
                0x0000000008000ac0                . = ALIGN (0x4)

.preinit_array  0x0000000008000ac0        0x0
                0x0000000008000ac0                . = ALIGN (0x4)
                0x0000000008000ac0                PROVIDE (__preinit_array_start = .)
 *(.preinit_array*)
                0x0000000008000ac0                PROVIDE (__preinit_array_end = .)
                0x0000000008000ac0                . = ALIGN (0x4)

.init_array     0x0000000008000ac0        0x4
                0x0000000008000ac0                . = ALIGN (0x4)
                0x0000000008000ac0                PROVIDE (__init_array_start = .)
 *(SORT_BY_NAME(.init_array.*))
 *(.init_array*)
 .init_array    0x0000000008000ac0        0x4 c:/st/stm32cubeide_1.4.0/stm32cubeide/plugins/com.st.stm32cube.ide.mcu.externaltools.gnu-tools-for-stm32.7-2018-q2-update.win32_1.4.0.202007081208/tools/bin/../lib/gcc/arm-none-eabi/7.3.1/thumb/v7-m/crtbegin.o
                0x0000000008000ac4                PROVIDE (__init_array_end = .)
                0x0000000008000ac4                . = ALIGN (0x4)

.fini_array     0x0000000008000ac4        0x4
                0x0000000008000ac4                . = ALIGN (0x4)
                [!provide]                        PROVIDE (__fini_array_start = .)
 *(SORT_BY_NAME(.fini_array.*))
 *(.fini_array*)
 .fini_array    0x0000000008000ac4        0x4 c:/st/stm32cubeide_1.4.0/stm32cubeide/plugins/com.st.stm32cube.ide.mcu.externaltools.gnu-tools-for-stm32.7-2018-q2-update.win32_1.4.0.202007081208/tools/bin/../lib/gcc/arm-none-eabi/7.3.1/thumb/v7-m/crtbegin.o
                [!provide]                        PROVIDE (__fini_array_end = .)
                0x0000000008000ac8                . = ALIGN (0x4)
                0x0000000008000ac8                _sidata = LOADADDR (.data)

.data           0x0000000020000000        0x4 load address 0x0000000008000ac8
                0x0000000020000000                . = ALIGN (0x4)
                0x0000000020000000                _sdata = .
 *(.data)
 *(.data*)
 .data.VAL1     0x0000000020000000        0x4 Src/main.o
                0x0000000020000000                VAL1
                0x0000000020000004                . = ALIGN (0x4)
                0x0000000020000004                _edata = .

.igot.plt       0x0000000020000004        0x0 load address 0x0000000008000acc
 .igot.plt      0x0000000020000004        0x0 c:/st/stm32cubeide_1.4.0/stm32cubeide/plugins/com.st.stm32cube.ide.mcu.externaltools.gnu-tools-for-stm32.7-2018-q2-update.win32_1.4.0.202007081208/tools/bin/../lib/gcc/arm-none-eabi/7.3.1/thumb/v7-m/crtbegin.o
                0x0000000020000004                . = ALIGN (0x4)

.bss            0x0000000020000004       0x68 load address 0x0000000008000acc
                0x0000000020000004                _sbss = .
                0x0000000020000004                __bss_start__ = _sbss
 *(.bss)
 .bss           0x0000000020000004       0x1c c:/st/stm32cubeide_1.4.0/stm32cubeide/plugins/com.st.stm32cube.ide.mcu.externaltools.gnu-tools-for-stm32.7-2018-q2-update.win32_1.4.0.202007081208/tools/bin/../lib/gcc/arm-none-eabi/7.3.1/thumb/v7-m/crtbegin.o
 *(.bss*)
 .bss.IRQ_flag  0x0000000020000020        0x4 Src/main.o
                0x0000000020000020                IRQ_flag
 .bss.Global_SPI_Config
                0x0000000020000024        0x8 Stm32_F103C6_Drivers/SPI/Stm32_F103C6_SPI_driver.o
                0x0000000020000024                Global_SPI_Config
 .bss.Global_UART_config
                0x000000002000002c        0x4 Stm32_F103C6_Drivers/USART/Stm32_F103C6_USART_driver.o
                0x000000002000002c                Global_UART_config
 *(COMMON)
 COMMON         0x0000000020000030       0x3c Stm32_F103C6_Drivers/EXTI/Stm32_F103C6_EXTI_driver.o
                0x0000000020000030                GP_IRQ_CALLBACK
                0x000000002000006c                . = ALIGN (0x4)
                0x000000002000006c                _ebss = .
                0x000000002000006c                __bss_end__ = _ebss

._user_heap_stack
                0x000000002000006c      0x604 load address 0x0000000008000acc
                0x0000000020000070                . = ALIGN (0x8)
 *fill*         0x000000002000006c        0x4 
                [!provide]                        PROVIDE (end = .)
                0x0000000020000070                PROVIDE (_end = .)
                0x0000000020000270                . = (. + _Min_Heap_Size)
 *fill*         0x0000000020000070      0x200 
                0x0000000020000670                . = (. + _Min_Stack_Size)
 *fill*         0x0000000020000270      0x400 
                0x0000000020000670                . = ALIGN (0x8)

/DISCARD/
 libc.a(*)
 libm.a(*)
 libgcc.a(*)

.ARM.attributes
                0x0000000000000000       0x29
 *(.ARM.attributes)
 .ARM.attributes
                0x0000000000000000       0x1d c:/st/stm32cubeide_1.4.0/stm32cubeide/plugins/com.st.stm32cube.ide.mcu.externaltools.gnu-tools-for-stm32.7-2018-q2-update.win32_1.4.0.202007081208/tools/bin/../lib/gcc/arm-none-eabi/7.3.1/thumb/v7-m/crti.o
 .ARM.attributes
                0x000000000000001d       0x2d c:/st/stm32cubeide_1.4.0/stm32cubeide/plugins/com.st.stm32cube.ide.mcu.externaltools.gnu-tools-for-stm32.7-2018-q2-update.win32_1.4.0.202007081208/tools/bin/../lib/gcc/arm-none-eabi/7.3.1/thumb/v7-m/crtbegin.o
 .ARM.attributes
                0x000000000000004a       0x33 Src/main.o
 .ARM.attributes
                0x000000000000007d       0x21 Startup/startup_stm32f103c6tx.o
 .ARM.attributes
                0x000000000000009e       0x33 Stm32_F103C6_Drivers/EXTI/Stm32_F103C6_EXTI_driver.o
 .ARM.attributes
                0x00000000000000d1       0x33 Stm32_F103C6_Drivers/GPIO/Stm32_F103C6_gpio_driver.o
 .ARM.attributes
                0x0000000000000104       0x33 Stm32_F103C6_Drivers/SPI/Stm32_F103C6_SPI_driver.o
 .ARM.attributes
                0x0000000000000137       0x33 Stm32_F103C6_Drivers/USART/Stm32_F103C6_USART_driver.o
 .ARM.attributes
                0x000000000000016a       0x2d c:/st/stm32cubeide_1.4.0/stm32cubeide/plugins/com.st.stm32cube.ide.mcu.externaltools.gnu-tools-for-stm32.7-2018-q2-update.win32_1.4.0.202007081208/tools/bin/../lib/gcc/arm-none-eabi/7.3.1/../../../../arm-none-eabi/lib/thumb/v7-m\libc_nano.a(lib_a-init.o)
 .ARM.attributes
                0x0000000000000197       0x1d c:/st/stm32cubeide_1.4.0/stm32cubeide/plugins/com.st.stm32cube.ide.mcu.externaltools.gnu-tools-for-stm32.7-2018-q2-update.win32_1.4.0.202007081208/tools/bin/../lib/gcc/arm-none-eabi/7.3.1/thumb/v7-m/crtn.o
OUTPUT(Drivers.elf elf32-littlearm)

.debug_info     0x0000000000000000     0x443f
 .debug_info    0x0000000000000000      0xbf4 Src/main.o
 .debug_info    0x0000000000000bf4       0x22 Startup/startup_stm32f103c6tx.o
 .debug_info    0x0000000000000c16      0xdbb Stm32_F103C6_Drivers/EXTI/Stm32_F103C6_EXTI_driver.o
 .debug_info    0x00000000000019d1      0xd4f Stm32_F103C6_Drivers/GPIO/Stm32_F103C6_gpio_driver.o
 .debug_info    0x0000000000002720      0xecd Stm32_F103C6_Drivers/SPI/Stm32_F103C6_SPI_driver.o
 .debug_info    0x00000000000035ed      0xe52 Stm32_F103C6_Drivers/USART/Stm32_F103C6_USART_driver.o

.debug_abbrev   0x0000000000000000      0x9f4
 .debug_abbrev  0x0000000000000000      0x1c0 Src/main.o
 .debug_abbrev  0x00000000000001c0       0x12 Startup/startup_stm32f103c6tx.o
 .debug_abbrev  0x00000000000001d2      0x219 Stm32_F103C6_Drivers/EXTI/Stm32_F103C6_EXTI_driver.o
 .debug_abbrev  0x00000000000003eb      0x1de Stm32_F103C6_Drivers/GPIO/Stm32_F103C6_gpio_driver.o
 .debug_abbrev  0x00000000000005c9      0x217 Stm32_F103C6_Drivers/SPI/Stm32_F103C6_SPI_driver.o
 .debug_abbrev  0x00000000000007e0      0x214 Stm32_F103C6_Drivers/USART/Stm32_F103C6_USART_driver.o

.debug_loc      0x0000000000000000      0xcb0
 .debug_loc     0x0000000000000000       0xc0 Src/main.o
 .debug_loc     0x00000000000000c0      0x320 Stm32_F103C6_Drivers/EXTI/Stm32_F103C6_EXTI_driver.o
 .debug_loc     0x00000000000003e0      0x330 Stm32_F103C6_Drivers/GPIO/Stm32_F103C6_gpio_driver.o
 .debug_loc     0x0000000000000710      0x2bc Stm32_F103C6_Drivers/SPI/Stm32_F103C6_SPI_driver.o
 .debug_loc     0x00000000000009cc      0x2e4 Stm32_F103C6_Drivers/USART/Stm32_F103C6_USART_driver.o

.debug_aranges  0x0000000000000000      0x1f8
 .debug_aranges
                0x0000000000000000       0x30 Src/main.o
 .debug_aranges
                0x0000000000000030       0x28 Startup/startup_stm32f103c6tx.o
 .debug_aranges
                0x0000000000000058       0x80 Stm32_F103C6_Drivers/EXTI/Stm32_F103C6_EXTI_driver.o
 .debug_aranges
                0x00000000000000d8       0x60 Stm32_F103C6_Drivers/GPIO/Stm32_F103C6_gpio_driver.o
 .debug_aranges
                0x0000000000000138       0x58 Stm32_F103C6_Drivers/SPI/Stm32_F103C6_SPI_driver.o
 .debug_aranges
                0x0000000000000190       0x68 Stm32_F103C6_Drivers/USART/Stm32_F103C6_USART_driver.o

.debug_ranges   0x0000000000000000      0x1a0
 .debug_ranges  0x0000000000000000       0x20 Src/main.o
 .debug_ranges  0x0000000000000020       0x20 Startup/startup_stm32f103c6tx.o
 .debug_ranges  0x0000000000000040       0x70 Stm32_F103C6_Drivers/EXTI/Stm32_F103C6_EXTI_driver.o
 .debug_ranges  0x00000000000000b0       0x50 Stm32_F103C6_Drivers/GPIO/Stm32_F103C6_gpio_driver.o
 .debug_ranges  0x0000000000000100       0x48 Stm32_F103C6_Drivers/SPI/Stm32_F103C6_SPI_driver.o
 .debug_ranges  0x0000000000000148       0x58 Stm32_F103C6_Drivers/USART/Stm32_F103C6_USART_driver.o

.debug_macro    0x0000000000000000      0xe29
 .debug_macro   0x0000000000000000      0x1a4 Src/main.o
 .debug_macro   0x00000000000001a4       0xd0 Src/main.o
 .debug_macro   0x0000000000000274      0x21b Src/main.o
 .debug_macro   0x000000000000048f       0xe2 Src/main.o
 .debug_macro   0x0000000000000571       0xac Src/main.o
 .debug_macro   0x000000000000061d       0x40 Src/main.o
 .debug_macro   0x000000000000065d       0xc4 Src/main.o
 .debug_macro   0x0000000000000721       0x58 Src/main.o
 .debug_macro   0x0000000000000779       0x10 Src/main.o
 .debug_macro   0x0000000000000789       0x9a Src/main.o
 .debug_macro   0x0000000000000823      0x152 Stm32_F103C6_Drivers/EXTI/Stm32_F103C6_EXTI_driver.o
 .debug_macro   0x0000000000000975      0x13f Stm32_F103C6_Drivers/GPIO/Stm32_F103C6_gpio_driver.o
 .debug_macro   0x0000000000000ab4      0x160 Stm32_F103C6_Drivers/SPI/Stm32_F103C6_SPI_driver.o
 .debug_macro   0x0000000000000c14       0xbe Stm32_F103C6_Drivers/SPI/Stm32_F103C6_SPI_driver.o
 .debug_macro   0x0000000000000cd2      0x157 Stm32_F103C6_Drivers/USART/Stm32_F103C6_USART_driver.o

.debug_line     0x0000000000000000     0x21c5
 .debug_line    0x0000000000000000      0x65c Src/main.o
 .debug_line    0x000000000000065c       0x84 Startup/startup_stm32f103c6tx.o
 .debug_line    0x00000000000006e0      0x72f Stm32_F103C6_Drivers/EXTI/Stm32_F103C6_EXTI_driver.o
 .debug_line    0x0000000000000e0f      0x672 Stm32_F103C6_Drivers/GPIO/Stm32_F103C6_gpio_driver.o
 .debug_line    0x0000000000001481      0x697 Stm32_F103C6_Drivers/SPI/Stm32_F103C6_SPI_driver.o
 .debug_line    0x0000000000001b18      0x6ad Stm32_F103C6_Drivers/USART/Stm32_F103C6_USART_driver.o

.debug_str      0x0000000000000000     0xc543
 .debug_str     0x0000000000000000     0xbdba Src/main.o
                                       0xc02f (size before relaxing)
 .debug_str     0x000000000000bdba       0x31 Startup/startup_stm32f103c6tx.o
                                         0x52 (size before relaxing)
 .debug_str     0x000000000000bdeb      0x24f Stm32_F103C6_Drivers/EXTI/Stm32_F103C6_EXTI_driver.o
                                       0xad80 (size before relaxing)
 .debug_str     0x000000000000c03a      0x121 Stm32_F103C6_Drivers/GPIO/Stm32_F103C6_gpio_driver.o
                                       0x997a (size before relaxing)
 .debug_str     0x000000000000c15b      0x24d Stm32_F103C6_Drivers/SPI/Stm32_F103C6_SPI_driver.o
                                       0x9f7b (size before relaxing)
 .debug_str     0x000000000000c3a8      0x19b Stm32_F103C6_Drivers/USART/Stm32_F103C6_USART_driver.o
                                       0xa040 (size before relaxing)

.comment        0x0000000000000000       0x7b
 .comment       0x0000000000000000       0x7b Src/main.o
                                         0x7c (size before relaxing)
 .comment       0x000000000000007b       0x7c Stm32_F103C6_Drivers/EXTI/Stm32_F103C6_EXTI_driver.o
 .comment       0x000000000000007b       0x7c Stm32_F103C6_Drivers/GPIO/Stm32_F103C6_gpio_driver.o
 .comment       0x000000000000007b       0x7c Stm32_F103C6_Drivers/SPI/Stm32_F103C6_SPI_driver.o
 .comment       0x000000000000007b       0x7c Stm32_F103C6_Drivers/USART/Stm32_F103C6_USART_driver.o

.debug_frame    0x0000000000000000      0x678
 .debug_frame   0x0000000000000000       0x70 Src/main.o
 .debug_frame   0x0000000000000070      0x1b0 Stm32_F103C6_Drivers/EXTI/Stm32_F103C6_EXTI_driver.o
 .debug_frame   0x0000000000000220      0x178 Stm32_F103C6_Drivers/GPIO/Stm32_F103C6_gpio_driver.o
 .debug_frame   0x0000000000000398      0x144 Stm32_F103C6_Drivers/SPI/Stm32_F103C6_SPI_driver.o
 .debug_frame   0x00000000000004dc      0x170 Stm32_F103C6_Drivers/USART/Stm32_F103C6_USART_driver.o
 .debug_frame   0x000000000000064c       0x2c c:/st/stm32cubeide_1.4.0/stm32cubeide/plugins/com.st.stm32cube.ide.mcu.externaltools.gnu-tools-for-stm32.7-2018-q2-update.win32_1.4.0.202007081208/tools/bin/../lib/gcc/arm-none-eabi/7.3.1/../../../../arm-none-eabi/lib/thumb/v7-m\libc_nano.a(lib_a-init.o)
