Archive member included to satisfy reference by file (symbol)

c:/st/stm32cubeide_1.4.0/stm32cubeide/plugins/com.st.stm32cube.ide.mcu.externaltools.gnu-tools-for-stm32.7-2018-q2-update.win32_1.4.0.202007081208/tools/bin/../lib/gcc/arm-none-eabi/7.3.1/../../../../arm-none-eabi/lib/thumb/v7-m\libc_nano.a(lib_a-errno.o)
                              Src/syscalls.o (__errno)
c:/st/stm32cubeide_1.4.0/stm32cubeide/plugins/com.st.stm32cube.ide.mcu.externaltools.gnu-tools-for-stm32.7-2018-q2-update.win32_1.4.0.202007081208/tools/bin/../lib/gcc/arm-none-eabi/7.3.1/../../../../arm-none-eabi/lib/thumb/v7-m\libc_nano.a(lib_a-exit.o)
                              c:/st/stm32cubeide_1.4.0/stm32cubeide/plugins/com.st.stm32cube.ide.mcu.externaltools.gnu-tools-for-stm32.7-2018-q2-update.win32_1.4.0.202007081208/tools/bin/../lib/gcc/arm-none-eabi/7.3.1/../../../../arm-none-eabi/lib/thumb/v7-m/crt0.o (exit)
c:/st/stm32cubeide_1.4.0/stm32cubeide/plugins/com.st.stm32cube.ide.mcu.externaltools.gnu-tools-for-stm32.7-2018-q2-update.win32_1.4.0.202007081208/tools/bin/../lib/gcc/arm-none-eabi/7.3.1/../../../../arm-none-eabi/lib/thumb/v7-m\libc_nano.a(lib_a-impure.o)
                              c:/st/stm32cubeide_1.4.0/stm32cubeide/plugins/com.st.stm32cube.ide.mcu.externaltools.gnu-tools-for-stm32.7-2018-q2-update.win32_1.4.0.202007081208/tools/bin/../lib/gcc/arm-none-eabi/7.3.1/../../../../arm-none-eabi/lib/thumb/v7-m\libc_nano.a(lib_a-exit.o) (_global_impure_ptr)
c:/st/stm32cubeide_1.4.0/stm32cubeide/plugins/com.st.stm32cube.ide.mcu.externaltools.gnu-tools-for-stm32.7-2018-q2-update.win32_1.4.0.202007081208/tools/bin/../lib/gcc/arm-none-eabi/7.3.1/../../../../arm-none-eabi/lib/thumb/v7-m\libc_nano.a(lib_a-init.o)
                              c:/st/stm32cubeide_1.4.0/stm32cubeide/plugins/com.st.stm32cube.ide.mcu.externaltools.gnu-tools-for-stm32.7-2018-q2-update.win32_1.4.0.202007081208/tools/bin/../lib/gcc/arm-none-eabi/7.3.1/../../../../arm-none-eabi/lib/thumb/v7-m/crt0.o (__libc_init_array)
c:/st/stm32cubeide_1.4.0/stm32cubeide/plugins/com.st.stm32cube.ide.mcu.externaltools.gnu-tools-for-stm32.7-2018-q2-update.win32_1.4.0.202007081208/tools/bin/../lib/gcc/arm-none-eabi/7.3.1/../../../../arm-none-eabi/lib/thumb/v7-m\libc_nano.a(lib_a-memset.o)
                              c:/st/stm32cubeide_1.4.0/stm32cubeide/plugins/com.st.stm32cube.ide.mcu.externaltools.gnu-tools-for-stm32.7-2018-q2-update.win32_1.4.0.202007081208/tools/bin/../lib/gcc/arm-none-eabi/7.3.1/../../../../arm-none-eabi/lib/thumb/v7-m/crt0.o (memset)

Allocating common symbols
Common symbol       size              file

_E_MSP              0x4               Src/main.o
TASKA_flag          0x4               Src/main.o
_S_PSP_TA           0x4               Src/main.o
GP_IRQ_CALLBACK     0x3c              Stm32_F103C6_Drivers/EXTI/Stm32_F103C6_EXTI_driver.o
PinCfg              0x4               Stm32_F103C6_Drivers/KEYPAD_DRIVER/keypad_driver.o
_S_PSP_TB           0x4               Src/main.o
_E_PSP_TB           0x4               Src/main.o
TASKB_flag          0x4               Src/main.o
_E_PSP_TA           0x4               Src/main.o

Discarded input sections

 .text          0x0000000000000000        0x0 c:/st/stm32cubeide_1.4.0/stm32cubeide/plugins/com.st.stm32cube.ide.mcu.externaltools.gnu-tools-for-stm32.7-2018-q2-update.win32_1.4.0.202007081208/tools/bin/../lib/gcc/arm-none-eabi/7.3.1/thumb/v7-m/crti.o
 .data          0x0000000000000000        0x0 c:/st/stm32cubeide_1.4.0/stm32cubeide/plugins/com.st.stm32cube.ide.mcu.externaltools.gnu-tools-for-stm32.7-2018-q2-update.win32_1.4.0.202007081208/tools/bin/../lib/gcc/arm-none-eabi/7.3.1/thumb/v7-m/crti.o
 .bss           0x0000000000000000        0x0 c:/st/stm32cubeide_1.4.0/stm32cubeide/plugins/com.st.stm32cube.ide.mcu.externaltools.gnu-tools-for-stm32.7-2018-q2-update.win32_1.4.0.202007081208/tools/bin/../lib/gcc/arm-none-eabi/7.3.1/thumb/v7-m/crti.o
 .data          0x0000000000000000        0x4 c:/st/stm32cubeide_1.4.0/stm32cubeide/plugins/com.st.stm32cube.ide.mcu.externaltools.gnu-tools-for-stm32.7-2018-q2-update.win32_1.4.0.202007081208/tools/bin/../lib/gcc/arm-none-eabi/7.3.1/thumb/v7-m/crtbegin.o
 .text          0x0000000000000000       0x74 c:/st/stm32cubeide_1.4.0/stm32cubeide/plugins/com.st.stm32cube.ide.mcu.externaltools.gnu-tools-for-stm32.7-2018-q2-update.win32_1.4.0.202007081208/tools/bin/../lib/gcc/arm-none-eabi/7.3.1/../../../../arm-none-eabi/lib/thumb/v7-m/crt0.o
 .data          0x0000000000000000        0x0 c:/st/stm32cubeide_1.4.0/stm32cubeide/plugins/com.st.stm32cube.ide.mcu.externaltools.gnu-tools-for-stm32.7-2018-q2-update.win32_1.4.0.202007081208/tools/bin/../lib/gcc/arm-none-eabi/7.3.1/../../../../arm-none-eabi/lib/thumb/v7-m/crt0.o
[...]
Memory Configuration

Name             Origin             Length             Attributes
RAM              0x0000000020000000 0x0000000000002800 xrw
ROM              0x0000000008000000 0x0000000000008000 xr
*default*        0x0000000000000000 0xffffffffffffffff

Linker script and memory map

LOAD c:/st/stm32cubeide_1.4.0/stm32cubeide/plugins/com.st.stm32cube.ide.mcu.externaltools.gnu-tools-for-stm32.7-2018-q2-update.win32_1.4.0.202007081208/tools/bin/../lib/gcc/arm-none-eabi/7.3.1/thumb/v7-m/crti.o
LOAD c:/st/stm32cubeide_1.4.0/stm32cubeide/plugins/com.st.stm32cube.ide.mcu.externaltools.gnu-tools-for-stm32.7-2018-q2-update.win32_1.4.0.202007081208/tools/bin/../lib/gcc/arm-none-eabi/7.3.1/thumb/v7-m/crtbegin.o
LOAD c:/st/stm32cubeide_1.4.0/stm32cubeide/plugins/com.st.stm32cube.ide.mcu.externaltools.gnu-tools-for-stm32.7-2018-q2-update.win32_1.4.0.202007081208/tools/bin/../lib/gcc/arm-none-eabi/7.3.1/../../../../arm-none-eabi/lib/thumb/v7-m/crt0.o
LOAD HAL/I2C_Slave_EEPROM.o
LOAD Src/main.o
LOAD Src/syscalls.o
LOAD Src/sysmem.o
LOAD Startup/startup_stm32f103c6tx.o
LOAD Stm32_F103C6_Drivers/EXTI/Stm32_F103C6_EXTI_driver.o
LOAD Stm32_F103C6_Drivers/GPIO/Stm32_F103C6_gpio_driver.o
LOAD Stm32_F103C6_Drivers/I2C/Stm32_F103C6_I2C_driver.o
LOAD Stm32_F103C6_Drivers/KEYPAD_DRIVER/keypad_driver.o
LOAD Stm32_F103C6_Drivers/LCD_DRIVER/lcd_driver.o
LOAD Stm32_F103C6_Drivers/RCC/Stm32_F103C6_RCC_driver.o
LOAD Stm32_F103C6_Drivers/SPI/Stm32_F103C6_SPI_driver.o
LOAD Stm32_F103C6_Drivers/TIM/TIM.o
LOAD Stm32_F103C6_Drivers/USART/Stm32_F103C6_USART_driver.o
START GROUP
LOAD c:/st/stm32cubeide_1.4.0/stm32cubeide/plugins/com.st.stm32cube.ide.mcu.externaltools.gnu-tools-for-stm32.7-2018-q2-update.win32_1.4.0.202007081208/tools/bin/../lib/gcc/arm-none-eabi/7.3.1/../../../../arm-none-eabi/lib/thumb/v7-m\libc_nano.a
LOAD c:/st/stm32cubeide_1.4.0/stm32cubeide/plugins/com.st.stm32cube.ide.mcu.externaltools.gnu-tools-for-stm32.7-2018-q2-update.win32_1.4.0.202007081208/tools/bin/../lib/gcc/arm-none-eabi/7.3.1/../../../../arm-none-eabi/lib/thumb/v7-m\libm.a
END GROUP
START GROUP
LOAD c:/st/stm32cubeide_1.4.0/stm32cubeide/plugins/com.st.stm32cube.ide.mcu.externaltools.gnu-tools-for-stm32.7-2018-q2-update.win32_1.4.0.202007081208/tools/bin/../lib/gcc/arm-none-eabi/7.3.1/thumb/v7-m\libgcc.a
LOAD c:/st/stm32cubeide_1.4.0/stm32cubeide/plugins/com.st.stm32cube.ide.mcu.externaltools.gnu-tools-for-stm32.7-2018-q2-update.win32_1.4.0.202007081208/tools/bin/../lib/gcc/arm-none-eabi/7.3.1/../../../../arm-none-eabi/lib/thumb/v7-m\libg_nano.a
LOAD c:/st/stm32cubeide_1.4.0/stm32cubeide/plugins/com.st.stm32cube.ide.mcu.externaltools.gnu-tools-for-stm32.7-2018-q2-update.win32_1.4.0.202007081208/tools/bin/../lib/gcc/arm-none-eabi/7.3.1/../../../../arm-none-eabi/lib/thumb/v7-m\libc_nano.a
END GROUP
START GROUP
LOAD c:/st/stm32cubeide_1.4.0/stm32cubeide/plugins/com.st.stm32cube.ide.mcu.externaltools.gnu-tools-for-stm32.7-2018-q2-update.win32_1.4.0.202007081208/tools/bin/../lib/gcc/arm-none-eabi/7.3.1/thumb/v7-m\libgcc.a
LOAD c:/st/stm32cubeide_1.4.0/stm32cubeide/plugins/com.st.stm32cube.ide.mcu.externaltools.gnu-tools-for-stm32.7-2018-q2-update.win32_1.4.0.202007081208/tools/bin/../lib/gcc/arm-none-eabi/7.3.1/../../../../arm-none-eabi/lib/thumb/v7-m\libc_nano.a
LOAD c:/st/stm32cubeide_1.4.0/stm32cubeide/plugins/com.st.stm32cube.ide.mcu.externaltools.gnu-tools-for-stm32.7-2018-q2-update.win32_1.4.0.202007081208/tools/bin/../lib/gcc/arm-none-eabi/7.3.1/../../../../arm-none-eabi/lib/thumb/v7-m\libnosys.a
END GROUP
START GROUP
LOAD c:/st/stm32cubeide_1.4.0/stm32cubeide/plugins/com.st.stm32cube.ide.mcu.externaltools.gnu-tools-for-stm32.7-2018-q2-update.win32_1.4.0.202007081208/tools/bin/../lib/gcc/arm-none-eabi/7.3.1/thumb/v7-m\libgcc.a
LOAD c:/st/stm32cubeide_1.4.0/stm32cubeide/plugins/com.st.stm32cube.ide.mcu.externaltools.gnu-tools-for-stm32.7-2018-q2-update.win32_1.4.0.202007081208/tools/bin/../lib/gcc/arm-none-eabi/7.3.1/../../../../arm-none-eabi/lib/thumb/v7-m\libc_nano.a
LOAD c:/st/stm32cubeide_1.4.0/stm32cubeide/plugins/com.st.stm32cube.ide.mcu.externaltools.gnu-tools-for-stm32.7-2018-q2-update.win32_1.4.0.202007081208/tools/bin/../lib/gcc/arm-none-eabi/7.3.1/../../../../arm-none-eabi/lib/thumb/v7-m\libnosys.a
END GROUP
LOAD c:/st/stm32cubeide_1.4.0/stm32cubeide/plugins/com.st.stm32cube.ide.mcu.externaltools.gnu-tools-for-stm32.7-2018-q2-update.win32_1.4.0.202007081208/tools/bin/../lib/gcc/arm-none-eabi/7.3.1/thumb/v7-m/crtend.o
LOAD c:/st/stm32cubeide_1.4.0/stm32cubeide/plugins/com.st.stm32cube.ide.mcu.externaltools.gnu-tools-for-stm32.7-2018-q2-update.win32_1.4.0.202007081208/tools/bin/../lib/gcc/arm-none-eabi/7.3.1/thumb/v7-m/crtn.o
                0x0000000020002800                _estack = (ORIGIN (RAM) + LENGTH (RAM))
                0x0000000000000200                _Min_Heap_Size = 0x200
                0x0000000000000400                _Min_Stack_Size = 0x400

.isr_vector     0x0000000008000000      0x130
                0x0000000008000000                . = ALIGN (0x4)
 *(.isr_vector)
 .isr_vector    0x0000000008000000      0x130 Startup/startup_stm32f103c6tx.o
                0x0000000008000000                g_pfnVectors
                0x0000000008000130                . = ALIGN (0x4)

.text           0x0000000008000130      0x47c
                0x0000000008000130                . = ALIGN (0x4)
 *(.text)
 .text          0x0000000008000130       0x40 c:/st/stm32cubeide_1.4.0/stm32cubeide/plugins/com.st.stm32cube.ide.mcu.externaltools.gnu-tools-for-stm32.7-2018-q2-update.win32_1.4.0.202007081208/tools/bin/../lib/gcc/arm-none-eabi/7.3.1/thumb/v7-m/crtbegin.o
 *(.text*)
 .text.PendSV_Handler
                0x0000000008000170       0x1c Src/main.o
                0x0000000008000170                PendSV_Handler
 .text.OS_SVC_services
                0x000000000800018c       0x68 Src/main.o
                0x000000000800018c                OS_SVC_services
 .text.SVC_Handler
                0x00000000080001f4       0x14 Src/main.o
                0x00000000080001f4                SVC_Handler
 .text.OS_SVC_Set
                0x0000000008000208       0x36 Src/main.o
                0x0000000008000208                OS_SVC_Set
 *fill*         0x000000000800023e        0x2 
 .text.main     0x0000000008000240       0x24 Src/main.o
                0x0000000008000240                main
 .text.Reset_Handler
                0x0000000008000264       0x50 Startup/startup_stm32f103c6tx.o
                0x0000000008000264                Reset_Handler
 .text.Default_Handler
                0x00000000080002b4        0x2 Startup/startup_stm32f103c6tx.o
                0x00000000080002b4                TIM8_TRG_COM_IRQHandler
                0x00000000080002b4                TIM8_CC_IRQHandler
                0x00000000080002b4                DebugMon_Handler
                0x00000000080002b4                TIM1_CC_IRQHandler
                0x00000000080002b4                HardFault_Handler
                0x00000000080002b4                TIM6_IRQHandler
                0x00000000080002b4                SysTick_Handler
                0x00000000080002b4                PVD_IRQHandler
                0x00000000080002b4                SDIO_IRQHandler
                0x00000000080002b4                NMI_Handler
                0x00000000080002b4                USB_HP_CAN_TX_IRQHandler
                0x00000000080002b4                I2C2_EV_IRQHandler
                0x00000000080002b4                UsageFault_Handler
                0x00000000080002b4                ADC1_2_IRQHandler
                0x00000000080002b4                CAN_SCE_IRQHandler
                0x00000000080002b4                TAMPER_IRQHandler
                0x00000000080002b4                TIM8_UP_IRQHandler
                0x00000000080002b4                DMA2_Channel2_IRQHandler
                0x00000000080002b4                DMA1_Channel4_IRQHandler
                0x00000000080002b4                RTC_IRQHandler
                0x00000000080002b4                DMA1_Channel7_IRQHandler
                0x00000000080002b4                UART5_IRQHandler
                0x00000000080002b4                ADC3_IRQHandler
                0x00000000080002b4                TIM4_IRQHandler
                0x00000000080002b4                CAN_RX1_IRQHandler
                0x00000000080002b4                DMA2_Channel1_IRQHandler
                0x00000000080002b4                I2C1_EV_IRQHandler
                0x00000000080002b4                DMA1_Channel6_IRQHandler
                0x00000000080002b4                UART4_IRQHandler
                0x00000000080002b4                TIM3_IRQHandler
                0x00000000080002b4                RCC_IRQHandler
                0x00000000080002b4                TIM1_TRG_COM_IRQHandler
                0x00000000080002b4                DMA1_Channel1_IRQHandler
                0x00000000080002b4                Default_Handler
                0x00000000080002b4                TIM7_IRQHandler
                0x00000000080002b4                TIM5_IRQHandler
                0x00000000080002b4                USB_LP_CAN_RX0_IRQHandler
                0x00000000080002b4                MemManage_Handler
                0x00000000080002b4                DMA1_Channel5_IRQHandler
                0x00000000080002b4                DMA1_Channel3_IRQHandler
                0x00000000080002b4                FSMC_IRQHandler
                0x00000000080002b4                TIM1_UP_IRQHandler
                0x00000000080002b4                WWDG_IRQHandler
                0x00000000080002b4                TIM2_IRQHandler
                0x00000000080002b4                TIM1_BRK_IRQHandler
                0x00000000080002b4                RTCAlarm_IRQHandler
                0x00000000080002b4                DMA2_Channel4_5_IRQHandler
                0x00000000080002b4                I2C2_ER_IRQHandler
                0x00000000080002b4                DMA1_Channel2_IRQHandler
                0x00000000080002b4                TIM8_BRK_IRQHandler
                0x00000000080002b4                FLASH_IRQHandler
                0x00000000080002b4                BusFault_Handler
                0x00000000080002b4                SPI3_IRQHandler
                0x00000000080002b4                I2C1_ER_IRQHandler
                0x00000000080002b4                DMA2_Channel3_IRQHandler
 *fill*         0x00000000080002b6        0x2 
 .text.EXTI0_IRQHandler
                0x00000000080002b8       0x24 Stm32_F103C6_Drivers/EXTI/Stm32_F103C6_EXTI_driver.o
                0x00000000080002b8                EXTI0_IRQHandler
 .text.EXTI1_IRQHandler
                0x00000000080002dc       0x24 Stm32_F103C6_Drivers/EXTI/Stm32_F103C6_EXTI_driver.o
                0x00000000080002dc                EXTI1_IRQHandler
 .text.EXTI2_IRQHandler
                0x0000000008000300       0x24 Stm32_F103C6_Drivers/EXTI/Stm32_F103C6_EXTI_driver.o
                0x0000000008000300                EXTI2_IRQHandler
 .text.EXTI3_IRQHandler
                0x0000000008000324       0x24 Stm32_F103C6_Drivers/EXTI/Stm32_F103C6_EXTI_driver.o
                0x0000000008000324                EXTI3_IRQHandler
 .text.EXTI4_IRQHandler
                0x0000000008000348       0x24 Stm32_F103C6_Drivers/EXTI/Stm32_F103C6_EXTI_driver.o
                0x0000000008000348                EXTI4_IRQHandler
 .text.EXTI9_5_IRQHandler
                0x000000000800036c       0xa8 Stm32_F103C6_Drivers/EXTI/Stm32_F103C6_EXTI_driver.o
                0x000000000800036c                EXTI9_5_IRQHandler
 .text.EXTI15_10_IRQHandler
                0x0000000008000414       0xc4 Stm32_F103C6_Drivers/EXTI/Stm32_F103C6_EXTI_driver.o
                0x0000000008000414                EXTI15_10_IRQHandler
 .text.SPI1_IRQHandler
                0x00000000080004d8       0x1c Stm32_F103C6_Drivers/SPI/Stm32_F103C6_SPI_driver.o
                0x00000000080004d8                SPI1_IRQHandler
 .text.SPI2_IRQHandler
                0x00000000080004f4       0x1c Stm32_F103C6_Drivers/SPI/Stm32_F103C6_SPI_driver.o
                0x00000000080004f4                SPI2_IRQHandler
 .text.USART1_IRQHandler
                0x0000000008000510       0x14 Stm32_F103C6_Drivers/USART/Stm32_F103C6_USART_driver.o
                0x0000000008000510                USART1_IRQHandler
 .text.USART2_IRQHandler
                0x0000000008000524       0x14 Stm32_F103C6_Drivers/USART/Stm32_F103C6_USART_driver.o
                0x0000000008000524                USART2_IRQHandler
 .text.USART3_IRQHandler
                0x0000000008000538       0x14 Stm32_F103C6_Drivers/USART/Stm32_F103C6_USART_driver.o
                0x0000000008000538                USART3_IRQHandler
 .text.__libc_init_array
                0x000000000800054c       0x48 c:/st/stm32cubeide_1.4.0/stm32cubeide/plugins/com.st.stm32cube.ide.mcu.externaltools.gnu-tools-for-stm32.7-2018-q2-update.win32_1.4.0.202007081208/tools/bin/../lib/gcc/arm-none-eabi/7.3.1/../../../../arm-none-eabi/lib/thumb/v7-m\libc_nano.a(lib_a-init.o)
                0x000000000800054c                __libc_init_array
 *(.glue_7)
 .glue_7        0x0000000008000594        0x0 linker stubs
 *(.glue_7t)
 .glue_7t       0x0000000008000594        0x0 linker stubs
 *(.eh_frame)
 .eh_frame      0x0000000008000594        0x0 c:/st/stm32cubeide_1.4.0/stm32cubeide/plugins/com.st.stm32cube.ide.mcu.externaltools.gnu-tools-for-stm32.7-2018-q2-update.win32_1.4.0.202007081208/tools/bin/../lib/gcc/arm-none-eabi/7.3.1/thumb/v7-m/crtbegin.o
 *(.init)
 .init          0x0000000008000594        0x4 c:/st/stm32cubeide_1.4.0/stm32cubeide/plugins/com.st.stm32cube.ide.mcu.externaltools.gnu-tools-for-stm32.7-2018-q2-update.win32_1.4.0.202007081208/tools/bin/../lib/gcc/arm-none-eabi/7.3.1/thumb/v7-m/crti.o
                0x0000000008000594                _init
 .init          0x0000000008000598        0x8 c:/st/stm32cubeide_1.4.0/stm32cubeide/plugins/com.st.stm32cube.ide.mcu.externaltools.gnu-tools-for-stm32.7-2018-q2-update.win32_1.4.0.202007081208/tools/bin/../lib/gcc/arm-none-eabi/7.3.1/thumb/v7-m/crtn.o
 *(.fini)
 .fini          0x00000000080005a0        0x4 c:/st/stm32cubeide_1.4.0/stm32cubeide/plugins/com.st.stm32cube.ide.mcu.externaltools.gnu-tools-for-stm32.7-2018-q2-update.win32_1.4.0.202007081208/tools/bin/../lib/gcc/arm-none-eabi/7.3.1/thumb/v7-m/crti.o
                0x00000000080005a0                _fini
 .fini          0x00000000080005a4        0x8 c:/st/stm32cubeide_1.4.0/stm32cubeide/plugins/com.st.stm32cube.ide.mcu.externaltools.gnu-tools-for-stm32.7-2018-q2-update.win32_1.4.0.202007081208/tools/bin/../lib/gcc/arm-none-eabi/7.3.1/thumb/v7-m/crtn.o
                0x00000000080005ac                . = ALIGN (0x4)
                0x00000000080005ac                _etext = .

.vfp11_veneer   0x00000000080005ac        0x0
 .vfp11_veneer  0x00000000080005ac        0x0 linker stubs

.v4_bx          0x00000000080005ac        0x0
 .v4_bx         0x00000000080005ac        0x0 linker stubs

.iplt           0x00000000080005ac        0x0
 .iplt          0x00000000080005ac        0x0 c:/st/stm32cubeide_1.4.0/stm32cubeide/plugins/com.st.stm32cube.ide.mcu.externaltools.gnu-tools-for-stm32.7-2018-q2-update.win32_1.4.0.202007081208/tools/bin/../lib/gcc/arm-none-eabi/7.3.1/thumb/v7-m/crtbegin.o

.rel.dyn        0x00000000080005ac        0x0
 .rel.iplt      0x00000000080005ac        0x0 c:/st/stm32cubeide_1.4.0/stm32cubeide/plugins/com.st.stm32cube.ide.mcu.externaltools.gnu-tools-for-stm32.7-2018-q2-update.win32_1.4.0.202007081208/tools/bin/../lib/gcc/arm-none-eabi/7.3.1/thumb/v7-m/crtbegin.o

.rodata         0x00000000080005ac        0x0
                0x00000000080005ac                . = ALIGN (0x4)
 *(.rodata)
 *(.rodata*)
                0x00000000080005ac                . = ALIGN (0x4)

.ARM.extab      0x00000000080005ac        0x0
                0x00000000080005ac                . = ALIGN (0x4)
 *(.ARM.extab* .gnu.linkonce.armextab.*)
                0x00000000080005ac                . = ALIGN (0x4)

.ARM            0x00000000080005ac        0x0
                0x00000000080005ac                . = ALIGN (0x4)
                0x00000000080005ac                __exidx_start = .
 *(.ARM.exidx*)
                0x00000000080005ac                __exidx_end = .
                0x00000000080005ac                . = ALIGN (0x4)

.preinit_array  0x00000000080005ac        0x0
                0x00000000080005ac                . = ALIGN (0x4)
                0x00000000080005ac                PROVIDE (__preinit_array_start = .)
 *(.preinit_array*)
                0x00000000080005ac                PROVIDE (__preinit_array_end = .)
                0x00000000080005ac                . = ALIGN (0x4)

.init_array     0x00000000080005ac        0x4
                0x00000000080005ac                . = ALIGN (0x4)
                0x00000000080005ac                PROVIDE (__init_array_start = .)
 *(SORT_BY_NAME(.init_array.*))
 *(.init_array*)
 .init_array    0x00000000080005ac        0x4 c:/st/stm32cubeide_1.4.0/stm32cubeide/plugins/com.st.stm32cube.ide.mcu.externaltools.gnu-tools-for-stm32.7-2018-q2-update.win32_1.4.0.202007081208/tools/bin/../lib/gcc/arm-none-eabi/7.3.1/thumb/v7-m/crtbegin.o
                0x00000000080005b0                PROVIDE (__init_array_end = .)
                0x00000000080005b0                . = ALIGN (0x4)

.fini_array     0x00000000080005b0        0x4
                0x00000000080005b0                . = ALIGN (0x4)
                [!provide]                        PROVIDE (__fini_array_start = .)
 *(SORT_BY_NAME(.fini_array.*))
 *(.fini_array*)
 .fini_array    0x00000000080005b0        0x4 c:/st/stm32cubeide_1.4.0/stm32cubeide/plugins/com.st.stm32cube.ide.mcu.externaltools.gnu-tools-for-stm32.7-2018-q2-update.win32_1.4.0.202007081208/tools/bin/../lib/gcc/arm-none-eabi/7.3.1/thumb/v7-m/crtbegin.o
                [!provide]                        PROVIDE (__fini_array_end = .)
                0x00000000080005b4                . = ALIGN (0x4)
                0x00000000080005b4                _sidata = LOADADDR (.data)

.data           0x0000000020000000        0x0 load address 0x00000000080005b4
                0x0000000020000000                . = ALIGN (0x4)
                0x0000000020000000                _sdata = .
 *(.data)
 *(.data*)
                0x0000000020000000                . = ALIGN (0x4)
                0x0000000020000000                _edata = .

.igot.plt       0x0000000020000000        0x0 load address 0x00000000080005b4
 .igot.plt      0x0000000020000000        0x0 c:/st/stm32cubeide_1.4.0/stm32cubeide/plugins/com.st.stm32cube.ide.mcu.externaltools.gnu-tools-for-stm32.7-2018-q2-update.win32_1.4.0.202007081208/tools/bin/../lib/gcc/arm-none-eabi/7.3.1/thumb/v7-m/crtbegin.o
                0x0000000020000000                . = ALIGN (0x4)

.bss            0x0000000020000000       0x68 load address 0x00000000080005b4
                0x0000000020000000                _sbss = .
                0x0000000020000000                __bss_start__ = _sbss
 *(.bss)
 .bss           0x0000000020000000       0x1c c:/st/stm32cubeide_1.4.0/stm32cubeide/plugins/com.st.stm32cube.ide.mcu.externaltools.gnu-tools-for-stm32.7-2018-q2-update.win32_1.4.0.202007081208/tools/bin/../lib/gcc/arm-none-eabi/7.3.1/thumb/v7-m/crtbegin.o
 *(.bss*)
 .bss.IRQ_flag  0x000000002000001c        0x4 Src/main.o
                0x000000002000001c                IRQ_flag
 .bss.Global_SPI_Config
                0x0000000020000020        0x8 Stm32_F103C6_Drivers/SPI/Stm32_F103C6_SPI_driver.o
                0x0000000020000020                Global_SPI_Config
 .bss.Global_UART_config
                0x0000000020000028        0x4 Stm32_F103C6_Drivers/USART/Stm32_F103C6_USART_driver.o
                0x0000000020000028                Global_UART_config
 *(COMMON)
 COMMON         0x000000002000002c       0x3c Stm32_F103C6_Drivers/EXTI/Stm32_F103C6_EXTI_driver.o
                0x000000002000002c                GP_IRQ_CALLBACK
                0x0000000020000068                . = ALIGN (0x4)
                0x0000000020000068                _ebss = .
                0x0000000020000068                __bss_end__ = _ebss

._user_heap_stack
                0x0000000020000068      0x600 load address 0x00000000080005b4
                0x0000000020000068                . = ALIGN (0x8)
                [!provide]                        PROVIDE (end = .)
                0x0000000020000068                PROVIDE (_end = .)
                0x0000000020000268                . = (. + _Min_Heap_Size)
 *fill*         0x0000000020000068      0x200 
                0x0000000020000668                . = (. + _Min_Stack_Size)
 *fill*         0x0000000020000268      0x400 
                0x0000000020000668                . = ALIGN (0x8)

/DISCARD/
 libc.a(*)
 libm.a(*)
 libgcc.a(*)

.ARM.attributes
                0x0000000000000000       0x29
 *(.ARM.attributes)
 .ARM.attributes
                0x0000000000000000       0x1d c:/st/stm32cubeide_1.4.0/stm32cubeide/plugins/com.st.stm32cube.ide.mcu.externaltools.gnu-tools-for-stm32.7-2018-q2-update.win32_1.4.0.202007081208/tools/bin/../lib/gcc/arm-none-eabi/7.3.1/thumb/v7-m/crti.o
 .ARM.attributes
                0x000000000000001d       0x2d c:/st/stm32cubeide_1.4.0/stm32cubeide/plugins/com.st.stm32cube.ide.mcu.externaltools.gnu-tools-for-stm32.7-2018-q2-update.win32_1.4.0.202007081208/tools/bin/../lib/gcc/arm-none-eabi/7.3.1/thumb/v7-m/crtbegin.o
 .ARM.attributes
                0x000000000000004a       0x33 Src/main.o
 .ARM.attributes
                0x000000000000007d       0x21 Startup/startup_stm32f103c6tx.o
 .ARM.attributes
                0x000000000000009e       0x33 Stm32_F103C6_Drivers/EXTI/Stm32_F103C6_EXTI_driver.o
 .ARM.attributes
                0x00000000000000d1       0x33 Stm32_F103C6_Drivers/SPI/Stm32_F103C6_SPI_driver.o
 .ARM.attributes
                0x0000000000000104       0x33 Stm32_F103C6_Drivers/USART/Stm32_F103C6_USART_driver.o
 .ARM.attributes
                0x0000000000000137       0x2d c:/st/stm32cubeide_1.4.0/stm32cubeide/plugins/com.st.stm32cube.ide.mcu.externaltools.gnu-tools-for-stm32.7-2018-q2-update.win32_1.4.0.202007081208/tools/bin/../lib/gcc/arm-none-eabi/7.3.1/../../../../arm-none-eabi/lib/thumb/v7-m\libc_nano.a(lib_a-init.o)
 .ARM.attributes
                0x0000000000000164       0x1d c:/st/stm32cubeide_1.4.0/stm32cubeide/plugins/com.st.stm32cube.ide.mcu.externaltools.gnu-tools-for-stm32.7-2018-q2-update.win32_1.4.0.202007081208/tools/bin/../lib/gcc/arm-none-eabi/7.3.1/thumb/v7-m/crtn.o
OUTPUT(Drivers.axf elf32-littlearm)

.debug_info     0x0000000000000000     0x39c8
 .debug_info    0x0000000000000000      0xecc Src/main.o
 .debug_info    0x0000000000000ecc       0x22 Startup/startup_stm32f103c6tx.o
 .debug_info    0x0000000000000eee      0xdbb Stm32_F103C6_Drivers/EXTI/Stm32_F103C6_EXTI_driver.o
 .debug_info    0x0000000000001ca9      0xecd Stm32_F103C6_Drivers/SPI/Stm32_F103C6_SPI_driver.o
 .debug_info    0x0000000000002b76      0xe52 Stm32_F103C6_Drivers/USART/Stm32_F103C6_USART_driver.o

.debug_abbrev   0x0000000000000000      0x8b0
 .debug_abbrev  0x0000000000000000      0x25a Src/main.o
 .debug_abbrev  0x000000000000025a       0x12 Startup/startup_stm32f103c6tx.o
 .debug_abbrev  0x000000000000026c      0x219 Stm32_F103C6_Drivers/EXTI/Stm32_F103C6_EXTI_driver.o
 .debug_abbrev  0x0000000000000485      0x217 Stm32_F103C6_Drivers/SPI/Stm32_F103C6_SPI_driver.o
 .debug_abbrev  0x000000000000069c      0x214 Stm32_F103C6_Drivers/USART/Stm32_F103C6_USART_driver.o

.debug_loc      0x0000000000000000      0xb54
 .debug_loc     0x0000000000000000      0x294 Src/main.o
 .debug_loc     0x0000000000000294      0x320 Stm32_F103C6_Drivers/EXTI/Stm32_F103C6_EXTI_driver.o
 .debug_loc     0x00000000000005b4      0x2bc Stm32_F103C6_Drivers/SPI/Stm32_F103C6_SPI_driver.o
 .debug_loc     0x0000000000000870      0x2e4 Stm32_F103C6_Drivers/USART/Stm32_F103C6_USART_driver.o

.debug_aranges  0x0000000000000000      0x1d0
 .debug_aranges
                0x0000000000000000       0x68 Src/main.o
 .debug_aranges
                0x0000000000000068       0x28 Startup/startup_stm32f103c6tx.o
 .debug_aranges
                0x0000000000000090       0x80 Stm32_F103C6_Drivers/EXTI/Stm32_F103C6_EXTI_driver.o
 .debug_aranges
                0x0000000000000110       0x58 Stm32_F103C6_Drivers/SPI/Stm32_F103C6_SPI_driver.o
 .debug_aranges
                0x0000000000000168       0x68 Stm32_F103C6_Drivers/USART/Stm32_F103C6_USART_driver.o

.debug_ranges   0x0000000000000000      0x188
 .debug_ranges  0x0000000000000000       0x58 Src/main.o
 .debug_ranges  0x0000000000000058       0x20 Startup/startup_stm32f103c6tx.o
 .debug_ranges  0x0000000000000078       0x70 Stm32_F103C6_Drivers/EXTI/Stm32_F103C6_EXTI_driver.o
 .debug_ranges  0x00000000000000e8       0x48 Stm32_F103C6_Drivers/SPI/Stm32_F103C6_SPI_driver.o
 .debug_ranges  0x0000000000000130       0x58 Stm32_F103C6_Drivers/USART/Stm32_F103C6_USART_driver.o

.debug_macro    0x0000000000000000     0x1e5a
 .debug_macro   0x0000000000000000      0x230 Src/main.o
 .debug_macro   0x0000000000000230       0xd0 Src/main.o
 .debug_macro   0x0000000000000300      0x21b Src/main.o
 .debug_macro   0x000000000000051b       0xe2 Src/main.o
 .debug_macro   0x00000000000005fd       0xac Src/main.o
 .debug_macro   0x00000000000006a9       0x40 Src/main.o
 .debug_macro   0x00000000000006e9       0xc4 Src/main.o
 .debug_macro   0x00000000000007ad       0x58 Src/main.o
 .debug_macro   0x0000000000000805       0x10 Src/main.o
 .debug_macro   0x0000000000000815       0x9a Src/main.o
 .debug_macro   0x00000000000008af       0x28 Src/main.o
 .debug_macro   0x00000000000008d7       0x1c Src/main.o
 .debug_macro   0x00000000000008f3       0x22 Src/main.o
 .debug_macro   0x0000000000000915       0xeb Src/main.o
 .debug_macro   0x0000000000000a00      0xe74 Src/main.o
 .debug_macro   0x0000000000001874      0x11f Src/main.o
 .debug_macro   0x0000000000001993      0x152 Stm32_F103C6_Drivers/EXTI/Stm32_F103C6_EXTI_driver.o
 .debug_macro   0x0000000000001ae5      0x160 Stm32_F103C6_Drivers/SPI/Stm32_F103C6_SPI_driver.o
 .debug_macro   0x0000000000001c45       0xbe Stm32_F103C6_Drivers/SPI/Stm32_F103C6_SPI_driver.o
 .debug_macro   0x0000000000001d03      0x157 Stm32_F103C6_Drivers/USART/Stm32_F103C6_USART_driver.o

.debug_line     0x0000000000000000     0x1c92
 .debug_line    0x0000000000000000      0x79b Src/main.o
 .debug_line    0x000000000000079b       0x84 Startup/startup_stm32f103c6tx.o
 .debug_line    0x000000000000081f      0x72f Stm32_F103C6_Drivers/EXTI/Stm32_F103C6_EXTI_driver.o
 .debug_line    0x0000000000000f4e      0x697 Stm32_F103C6_Drivers/SPI/Stm32_F103C6_SPI_driver.o
 .debug_line    0x00000000000015e5      0x6ad Stm32_F103C6_Drivers/USART/Stm32_F103C6_USART_driver.o

.debug_str      0x0000000000000000    0x12cf5
 .debug_str     0x0000000000000000    0x125fc Src/main.o
                                      0x12872 (size before relaxing)
 .debug_str     0x00000000000125fc       0x31 Startup/startup_stm32f103c6tx.o
                                         0x52 (size before relaxing)
 .debug_str     0x000000000001262d      0x2e0 Stm32_F103C6_Drivers/EXTI/Stm32_F103C6_EXTI_driver.o
                                       0xad80 (size before relaxing)
 .debug_str     0x000000000001290d      0x24d Stm32_F103C6_Drivers/SPI/Stm32_F103C6_SPI_driver.o
                                       0x9f7b (size before relaxing)
 .debug_str     0x0000000000012b5a      0x19b Stm32_F103C6_Drivers/USART/Stm32_F103C6_USART_driver.o
                                       0xa040 (size before relaxing)

.comment        0x0000000000000000       0x7b
 .comment       0x0000000000000000       0x7b Src/main.o
                                         0x7c (size before relaxing)
 .comment       0x000000000000007b       0x7c Stm32_F103C6_Drivers/EXTI/Stm32_F103C6_EXTI_driver.o
 .comment       0x000000000000007b       0x7c Stm32_F103C6_Drivers/SPI/Stm32_F103C6_SPI_driver.o
 .comment       0x000000000000007b       0x7c Stm32_F103C6_Drivers/USART/Stm32_F103C6_USART_driver.o

.debug_frame    0x0000000000000000      0x5e8
 .debug_frame   0x0000000000000000      0x158 Src/main.o
 .debug_frame   0x0000000000000158      0x1b0 Stm32_F103C6_Drivers/EXTI/Stm32_F103C6_EXTI_driver.o
 .debug_frame   0x0000000000000308      0x144 Stm32_F103C6_Drivers/SPI/Stm32_F103C6_SPI_driver.o
 .debug_frame   0x000000000000044c      0x170 Stm32_F103C6_Drivers/USART/Stm32_F103C6_USART_driver.o
 .debug_frame   0x00000000000005bc       0x2c c:/st/stm32cubeide_1.4.0/stm32cubeide/plugins/com.st.stm32cube.ide.mcu.externaltools.gnu-tools-for-stm32.7-2018-q2-update.win32_1.4.0.202007081208/tools/bin/../lib/gcc/arm-none-eabi/7.3.1/../../../../arm-none-eabi/lib/thumb/v7-m\libc_nano.a(lib_a-init.o)
